###############################################################################
#
# IAR ELF Linker V7.80.1.11864/W32 for ARM                18/Nov/2020  18:30:23
# Copyright 2007-2016 IAR Systems AB.
#
#    Output file  =  
#        C:\Users\Utilisateur\Desktop\Études\Automne 2020\5\Projet Final
#        5e\Programmation\247-637 S-0010 V7-college\EWARM\247-637 S-0001
#        V7\Exe\247-637 S-0001 V7.out
#    Map file     =  
#        C:\Users\Utilisateur\Desktop\Études\Automne 2020\5\Projet Final
#        5e\Programmation\247-637 S-0010 V7-college\EWARM\247-637 S-0001
#        V7\List\247-637 S-0001 V7.map
#    Command line =  
#        "C:\Users\Utilisateur\Desktop\Études\Automne 2020\5\Projet Final
#        5e\Programmation\247-637 S-0010 V7-college\EWARM\247-637 S-0001
#        V7\Obj\driver_greenLight.o"
#        "C:\Users\Utilisateur\Desktop\Études\Automne 2020\5\Projet Final
#        5e\Programmation\247-637 S-0010 V7-college\EWARM\247-637 S-0001
#        V7\Obj\driver_i2c.o" "C:\Users\Utilisateur\Desktop\Études\Automne
#        2020\5\Projet Final 5e\Programmation\247-637 S-0010
#        V7-college\EWARM\247-637 S-0001 V7\Obj\driver_passingByZero.o"
#        "C:\Users\Utilisateur\Desktop\Études\Automne 2020\5\Projet Final
#        5e\Programmation\247-637 S-0010 V7-college\EWARM\247-637 S-0001
#        V7\Obj\driver_redLight.o" "C:\Users\Utilisateur\Desktop\Études\Automne
#        2020\5\Projet Final 5e\Programmation\247-637 S-0010
#        V7-college\EWARM\247-637 S-0001 V7\Obj\driver_stepperMotorA1.o"
#        "C:\Users\Utilisateur\Desktop\Études\Automne 2020\5\Projet Final
#        5e\Programmation\247-637 S-0010 V7-college\EWARM\247-637 S-0001
#        V7\Obj\driver_stepperMotorA2.o"
#        "C:\Users\Utilisateur\Desktop\Études\Automne 2020\5\Projet Final
#        5e\Programmation\247-637 S-0010 V7-college\EWARM\247-637 S-0001
#        V7\Obj\driver_stepperMotorB1.o"
#        "C:\Users\Utilisateur\Desktop\Études\Automne 2020\5\Projet Final
#        5e\Programmation\247-637 S-0010 V7-college\EWARM\247-637 S-0001
#        V7\Obj\driver_stepperMotorB2.o"
#        "C:\Users\Utilisateur\Desktop\Études\Automne 2020\5\Projet Final
#        5e\Programmation\247-637 S-0010 V7-college\EWARM\247-637 S-0001
#        V7\Obj\driver_triac.o" "C:\Users\Utilisateur\Desktop\Études\Automne
#        2020\5\Projet Final 5e\Programmation\247-637 S-0010
#        V7-college\EWARM\247-637 S-0001 V7\Obj\driver_yellowLight.o"
#        "C:\Users\Utilisateur\Desktop\Études\Automne 2020\5\Projet Final
#        5e\Programmation\247-637 S-0010 V7-college\EWARM\247-637 S-0001
#        V7\Obj\interface_lightColumn.o"
#        "C:\Users\Utilisateur\Desktop\Études\Automne 2020\5\Projet Final
#        5e\Programmation\247-637 S-0010 V7-college\EWARM\247-637 S-0001
#        V7\Obj\interface_mcp3021.o"
#        "C:\Users\Utilisateur\Desktop\Études\Automne 2020\5\Projet Final
#        5e\Programmation\247-637 S-0010 V7-college\EWARM\247-637 S-0001
#        V7\Obj\interface_pcf8574A.o"
#        "C:\Users\Utilisateur\Desktop\Études\Automne 2020\5\Projet Final
#        5e\Programmation\247-637 S-0010 V7-college\EWARM\247-637 S-0001
#        V7\Obj\interface_stepperMotor.o"
#        "C:\Users\Utilisateur\Desktop\Études\Automne 2020\5\Projet Final
#        5e\Programmation\247-637 S-0010 V7-college\EWARM\247-637 S-0001
#        V7\Obj\interface_triac.o" "C:\Users\Utilisateur\Desktop\Études\Automne
#        2020\5\Projet Final 5e\Programmation\247-637 S-0010
#        V7-college\EWARM\247-637 S-0001 V7\Obj\main.o"
#        "C:\Users\Utilisateur\Desktop\Études\Automne 2020\5\Projet Final
#        5e\Programmation\247-637 S-0010 V7-college\EWARM\247-637 S-0001
#        V7\Obj\piloteCAN1.o" "C:\Users\Utilisateur\Desktop\Études\Automne
#        2020\5\Projet Final 5e\Programmation\247-637 S-0010
#        V7-college\EWARM\247-637 S-0001 V7\Obj\piloteTimer6Up.o"
#        "C:\Users\Utilisateur\Desktop\Études\Automne 2020\5\Projet Final
#        5e\Programmation\247-637 S-0010 V7-college\EWARM\247-637 S-0001
#        V7\Obj\service_applicationlnputHandler.o"
#        "C:\Users\Utilisateur\Desktop\Études\Automne 2020\5\Projet Final
#        5e\Programmation\247-637 S-0010 V7-college\EWARM\247-637 S-0001
#        V7\Obj\service_applicationOutputHandler.o"
#        "C:\Users\Utilisateur\Desktop\Études\Automne 2020\5\Projet Final
#        5e\Programmation\247-637 S-0010 V7-college\EWARM\247-637 S-0001
#        V7\Obj\service_bitOperation.o"
#        "C:\Users\Utilisateur\Desktop\Études\Automne 2020\5\Projet Final
#        5e\Programmation\247-637 S-0010 V7-college\EWARM\247-637 S-0001
#        V7\Obj\serviceBaseDeTemps.o"
#        "C:\Users\Utilisateur\Desktop\Études\Automne 2020\5\Projet Final
#        5e\Programmation\247-637 S-0010 V7-college\EWARM\247-637 S-0001
#        V7\Obj\startup_stm32f407xx.o"
#        "C:\Users\Utilisateur\Desktop\Études\Automne 2020\5\Projet Final
#        5e\Programmation\247-637 S-0010 V7-college\EWARM\247-637 S-0001
#        V7\Obj\stm32f4xx_hal.o" "C:\Users\Utilisateur\Desktop\Études\Automne
#        2020\5\Projet Final 5e\Programmation\247-637 S-0010
#        V7-college\EWARM\247-637 S-0001 V7\Obj\stm32f4xx_hal_can.o"
#        "C:\Users\Utilisateur\Desktop\Études\Automne 2020\5\Projet Final
#        5e\Programmation\247-637 S-0010 V7-college\EWARM\247-637 S-0001
#        V7\Obj\stm32f4xx_hal_cortex.o"
#        "C:\Users\Utilisateur\Desktop\Études\Automne 2020\5\Projet Final
#        5e\Programmation\247-637 S-0010 V7-college\EWARM\247-637 S-0001
#        V7\Obj\stm32f4xx_hal_dma.o"
#        "C:\Users\Utilisateur\Desktop\Études\Automne 2020\5\Projet Final
#        5e\Programmation\247-637 S-0010 V7-college\EWARM\247-637 S-0001
#        V7\Obj\stm32f4xx_hal_dma_ex.o"
#        "C:\Users\Utilisateur\Desktop\Études\Automne 2020\5\Projet Final
#        5e\Programmation\247-637 S-0010 V7-college\EWARM\247-637 S-0001
#        V7\Obj\stm32f4xx_hal_exti.o"
#        "C:\Users\Utilisateur\Desktop\Études\Automne 2020\5\Projet Final
#        5e\Programmation\247-637 S-0010 V7-college\EWARM\247-637 S-0001
#        V7\Obj\stm32f4xx_hal_flash.o"
#        "C:\Users\Utilisateur\Desktop\Études\Automne 2020\5\Projet Final
#        5e\Programmation\247-637 S-0010 V7-college\EWARM\247-637 S-0001
#        V7\Obj\stm32f4xx_hal_flash_ex.o"
#        "C:\Users\Utilisateur\Desktop\Études\Automne 2020\5\Projet Final
#        5e\Programmation\247-637 S-0010 V7-college\EWARM\247-637 S-0001
#        V7\Obj\stm32f4xx_hal_flash_ramfunc.o"
#        "C:\Users\Utilisateur\Desktop\Études\Automne 2020\5\Projet Final
#        5e\Programmation\247-637 S-0010 V7-college\EWARM\247-637 S-0001
#        V7\Obj\stm32f4xx_hal_gpio.o"
#        "C:\Users\Utilisateur\Desktop\Études\Automne 2020\5\Projet Final
#        5e\Programmation\247-637 S-0010 V7-college\EWARM\247-637 S-0001
#        V7\Obj\stm32f4xx_hal_i2c.o"
#        "C:\Users\Utilisateur\Desktop\Études\Automne 2020\5\Projet Final
#        5e\Programmation\247-637 S-0010 V7-college\EWARM\247-637 S-0001
#        V7\Obj\stm32f4xx_hal_i2c_ex.o"
#        "C:\Users\Utilisateur\Desktop\Études\Automne 2020\5\Projet Final
#        5e\Programmation\247-637 S-0010 V7-college\EWARM\247-637 S-0001
#        V7\Obj\stm32f4xx_hal_msp.o"
#        "C:\Users\Utilisateur\Desktop\Études\Automne 2020\5\Projet Final
#        5e\Programmation\247-637 S-0010 V7-college\EWARM\247-637 S-0001
#        V7\Obj\stm32f4xx_hal_pwr.o"
#        "C:\Users\Utilisateur\Desktop\Études\Automne 2020\5\Projet Final
#        5e\Programmation\247-637 S-0010 V7-college\EWARM\247-637 S-0001
#        V7\Obj\stm32f4xx_hal_pwr_ex.o"
#        "C:\Users\Utilisateur\Desktop\Études\Automne 2020\5\Projet Final
#        5e\Programmation\247-637 S-0010 V7-college\EWARM\247-637 S-0001
#        V7\Obj\stm32f4xx_hal_rcc.o"
#        "C:\Users\Utilisateur\Desktop\Études\Automne 2020\5\Projet Final
#        5e\Programmation\247-637 S-0010 V7-college\EWARM\247-637 S-0001
#        V7\Obj\stm32f4xx_hal_rcc_ex.o"
#        "C:\Users\Utilisateur\Desktop\Études\Automne 2020\5\Projet Final
#        5e\Programmation\247-637 S-0010 V7-college\EWARM\247-637 S-0001
#        V7\Obj\stm32f4xx_hal_tim.o"
#        "C:\Users\Utilisateur\Desktop\Études\Automne 2020\5\Projet Final
#        5e\Programmation\247-637 S-0010 V7-college\EWARM\247-637 S-0001
#        V7\Obj\stm32f4xx_hal_tim_ex.o"
#        "C:\Users\Utilisateur\Desktop\Études\Automne 2020\5\Projet Final
#        5e\Programmation\247-637 S-0010 V7-college\EWARM\247-637 S-0001
#        V7\Obj\stm32f4xx_hal_uart.o"
#        "C:\Users\Utilisateur\Desktop\Études\Automne 2020\5\Projet Final
#        5e\Programmation\247-637 S-0010 V7-college\EWARM\247-637 S-0001
#        V7\Obj\stm32f4xx_it.o" "C:\Users\Utilisateur\Desktop\Études\Automne
#        2020\5\Projet Final 5e\Programmation\247-637 S-0010
#        V7-college\EWARM\247-637 S-0001 V7\Obj\system_stm32f4xx.o" --redirect
#        _Printf=_PrintfFull --redirect _Scanf=_ScanfFull -o
#        "C:\Users\Utilisateur\Desktop\Études\Automne 2020\5\Projet Final
#        5e\Programmation\247-637 S-0010 V7-college\EWARM\247-637 S-0001
#        V7\Exe\247-637 S-0001 V7.out" --map
#        "C:\Users\Utilisateur\Desktop\Études\Automne 2020\5\Projet Final
#        5e\Programmation\247-637 S-0010 V7-college\EWARM\247-637 S-0001
#        V7\List\247-637 S-0001 V7.map" --config
#        "C:\Users\Utilisateur\Desktop\Études\Automne 2020\5\Projet Final
#        5e\Programmation\247-637 S-0010
#        V7-college\EWARM/stm32f407xx_flash.icf" --semihosting --entry
#        __iar_program_start --vfe
#
###############################################################################

*******************************************************************************
*** RUNTIME MODEL ATTRIBUTES
***

CppFlavor       = *
__SystemLibrary = DLib


*******************************************************************************
*** PLACEMENT SUMMARY
***

"A0":  place at 0x08000000 { ro section .intvec };
"P1":  place in [from 0x08000000 to 0x080fffff] { ro };
"P2":  place in [from 0x20000000 to 0x2001ffff] { rw, block CSTACK, block HEAP };
initialize by copy { rw };

  Section            Kind        Address    Size  Object
  -------            ----        -------    ----  ------
"A0":                                      0x188
  .intvec            ro code  0x08000000   0x188  startup_stm32f407xx.o [1]
                            - 0x08000188   0x188

"P1":                                     0x1d0c
  .text              ro code  0x08000188   0x480  main.o [1]
  .text              ro code  0x08000608    0x28  piloteTimer6Up.o [1]
  .text              ro code  0x08000630    0x58  piloteCAN1.o [1]
  .text              ro code  0x08000688    0x48  serviceBaseDeTemps.o [1]
  .text              ro code  0x080006d0    0x34  stm32f4xx_hal.o [1]
  .text              ro code  0x08000704     0x6  ABImemclr4.o [5]
  .text              ro code  0x0800070c   0x2f4  stm32f4xx_hal_rcc.o [1]
  .text              ro code  0x08000a00   0x1bc  stm32f4xx_hal_rcc.o [1]
  .text              ro code  0x08000bbc   0x280  stm32f4xx_hal_can.o [1]
  .text              ro code  0x08000e3c   0x17c  stm32f4xx_hal_i2c.o [1]
  .text              ro code  0x08000fb8   0x278  stm32f4xx_hal_tim.o [1]
  .text              ro code  0x08001230    0x40  stm32f4xx_hal_tim_ex.o [1]
  .text              ro code  0x08001270   0x2d8  stm32f4xx_hal_uart.o [1]
  .text              ro code  0x08001548   0x1dc  stm32f4xx_hal_gpio.o [1]
  .text              ro code  0x08001724    0xf0  stm32f4xx_hal_cortex.o [1]
  .text              ro code  0x08001814    0x48  stm32f4xx_hal.o [1]
  .text              ro code  0x0800185c   0x1c4  stm32f4xx_hal_msp.o [1]
  .text              ro code  0x08001a20    0x32  ABImemset48.o [5]
  .text              ro code  0x08001a54     0xc  stm32f4xx_hal.o [1]
  .text              ro code  0x08001a60    0xee  I64DivMod.o [5]
  .text              ro code  0x08001b4e     0x2  stm32f4xx_hal_tim.o [1]
  .text              ro code  0x08001b50     0x2  stm32f4xx_hal_tim.o [1]
  .text              ro code  0x08001b52     0x2  stm32f4xx_hal_tim.o [1]
  .text              ro code  0x08001b54     0x2  stm32f4xx_hal_tim_ex.o [1]
  .text              ro code  0x08001b56     0x2  stm32f4xx_hal_tim.o [1]
  .text              ro code  0x08001b58     0x2  stm32f4xx_hal_tim_ex.o [1]
  .text              ro code  0x08001b5c     0x2  I64DivZer.o [5]
  .text              ro code  0x08001b60    0x60  system_stm32f4xx.o [1]
  .text              ro code  0x08001bc0    0x40  zero_init3.o [5]
  .text              ro code  0x08001c00    0x2c  copy_init3.o [5]
  .text              ro code  0x08001c2c    0x28  data_init.o [5]
  .text              ro code  0x08001c54    0x22  fpinit_M.o [4]
  .iar.init_table    const    0x08001c78    0x24  - Linker created -
  .text              ro code  0x08001c9c    0x1a  cmain.o [5]
  .text              ro code  0x08001cb6     0x4  low_level_init.o [3]
  .text              ro code  0x08001cba     0x4  exit.o [3]
  .text              ro code  0x08001cc0     0xa  cexit.o [5]
  .text              ro code  0x08001ccc    0x14  exit.o [6]
  .text              ro code  0x08001ce0    0x10  startup_stm32f407xx.o [1]
  .text              ro code  0x08001cf0    0x10  stm32f4xx_hal.o [1]
  .text              ro code  0x08001d00    0x10  stm32f4xx_it.o [1]
  Initializer bytes  const    0x08001d10    0x10  <for P2-1>
  .text              ro code  0x08001d20     0xc  cstartup_M.o [5]
  .rodata            const    0x08001d2c     0x8  system_stm32f4xx.o [1]
  .text              ro code  0x08001d34     0x4  startup_stm32f407xx.o [1]
  .text              ro code  0x08001d38     0x4  startup_stm32f407xx.o [1]
  .text              ro code  0x08001d3c     0x4  startup_stm32f407xx.o [1]
  .text              ro code  0x08001d40     0x4  startup_stm32f407xx.o [1]
  .text              ro code  0x08001d44     0x4  startup_stm32f407xx.o [1]
  .text              ro code  0x08001d48     0x4  startup_stm32f407xx.o [1]
  .text              ro code  0x08001d4c     0x4  startup_stm32f407xx.o [1]
  .text              ro code  0x08001d50     0x4  startup_stm32f407xx.o [1]
  .text              ro code  0x08001d54     0x4  startup_stm32f407xx.o [1]
  .text              ro code  0x08001d58     0x4  startup_stm32f407xx.o [1]
  .text              ro code  0x08001d5c     0x4  startup_stm32f407xx.o [1]
  .text              ro code  0x08001d60     0x4  startup_stm32f407xx.o [1]
  .text              ro code  0x08001d64     0x4  startup_stm32f407xx.o [1]
  .text              ro code  0x08001d68     0x4  startup_stm32f407xx.o [1]
  .text              ro code  0x08001d6c     0x4  startup_stm32f407xx.o [1]
  .text              ro code  0x08001d70     0x4  startup_stm32f407xx.o [1]
  .text              ro code  0x08001d74     0x4  startup_stm32f407xx.o [1]
  .text              ro code  0x08001d78     0x4  startup_stm32f407xx.o [1]
  .text              ro code  0x08001d7c     0x4  startup_stm32f407xx.o [1]
  .text              ro code  0x08001d80     0x4  startup_stm32f407xx.o [1]
  .text              ro code  0x08001d84     0x4  startup_stm32f407xx.o [1]
  .text              ro code  0x08001d88     0x4  startup_stm32f407xx.o [1]
  .text              ro code  0x08001d8c     0x4  startup_stm32f407xx.o [1]
  .text              ro code  0x08001d90     0x4  startup_stm32f407xx.o [1]
  .text              ro code  0x08001d94     0x4  startup_stm32f407xx.o [1]
  .text              ro code  0x08001d98     0x4  startup_stm32f407xx.o [1]
  .text              ro code  0x08001d9c     0x4  startup_stm32f407xx.o [1]
  .text              ro code  0x08001da0     0x4  startup_stm32f407xx.o [1]
  .text              ro code  0x08001da4     0x4  startup_stm32f407xx.o [1]
  .text              ro code  0x08001da8     0x4  startup_stm32f407xx.o [1]
  .text              ro code  0x08001dac     0x4  startup_stm32f407xx.o [1]
  .text              ro code  0x08001db0     0x4  startup_stm32f407xx.o [1]
  .text              ro code  0x08001db4     0x4  startup_stm32f407xx.o [1]
  .text              ro code  0x08001db8     0x4  startup_stm32f407xx.o [1]
  .text              ro code  0x08001dbc     0x4  startup_stm32f407xx.o [1]
  .text              ro code  0x08001dc0     0x4  startup_stm32f407xx.o [1]
  .text              ro code  0x08001dc4     0x4  startup_stm32f407xx.o [1]
  .text              ro code  0x08001dc8     0x4  startup_stm32f407xx.o [1]
  .text              ro code  0x08001dcc     0x4  startup_stm32f407xx.o [1]
  .text              ro code  0x08001dd0     0x4  startup_stm32f407xx.o [1]
  .text              ro code  0x08001dd4     0x4  startup_stm32f407xx.o [1]
  .text              ro code  0x08001dd8     0x4  startup_stm32f407xx.o [1]
  .text              ro code  0x08001ddc     0x4  startup_stm32f407xx.o [1]
  .text              ro code  0x08001de0     0x4  startup_stm32f407xx.o [1]
  .text              ro code  0x08001de4     0x4  startup_stm32f407xx.o [1]
  .text              ro code  0x08001de8     0x4  startup_stm32f407xx.o [1]
  .text              ro code  0x08001dec     0x4  startup_stm32f407xx.o [1]
  .text              ro code  0x08001df0     0x4  startup_stm32f407xx.o [1]
  .text              ro code  0x08001df4     0x4  startup_stm32f407xx.o [1]
  .text              ro code  0x08001df8     0x4  startup_stm32f407xx.o [1]
  .text              ro code  0x08001dfc     0x4  startup_stm32f407xx.o [1]
  .text              ro code  0x08001e00     0x4  startup_stm32f407xx.o [1]
  .text              ro code  0x08001e04     0x4  startup_stm32f407xx.o [1]
  .text              ro code  0x08001e08     0x4  startup_stm32f407xx.o [1]
  .text              ro code  0x08001e0c     0x4  startup_stm32f407xx.o [1]
  .text              ro code  0x08001e10     0x4  startup_stm32f407xx.o [1]
  .text              ro code  0x08001e14     0x4  startup_stm32f407xx.o [1]
  .text              ro code  0x08001e18     0x4  startup_stm32f407xx.o [1]
  .text              ro code  0x08001e1c     0x4  startup_stm32f407xx.o [1]
  .text              ro code  0x08001e20     0x4  startup_stm32f407xx.o [1]
  .text              ro code  0x08001e24     0x4  startup_stm32f407xx.o [1]
  .text              ro code  0x08001e28     0x4  startup_stm32f407xx.o [1]
  .text              ro code  0x08001e2c     0x4  startup_stm32f407xx.o [1]
  .text              ro code  0x08001e30     0x4  startup_stm32f407xx.o [1]
  .text              ro code  0x08001e34     0x4  startup_stm32f407xx.o [1]
  .text              ro code  0x08001e38     0x4  startup_stm32f407xx.o [1]
  .text              ro code  0x08001e3c     0x4  startup_stm32f407xx.o [1]
  .text              ro code  0x08001e40     0x4  startup_stm32f407xx.o [1]
  .text              ro code  0x08001e44     0x4  startup_stm32f407xx.o [1]
  .text              ro code  0x08001e48     0x4  startup_stm32f407xx.o [1]
  .text              ro code  0x08001e4c     0x4  startup_stm32f407xx.o [1]
  .text              ro code  0x08001e50     0x4  startup_stm32f407xx.o [1]
  .text              ro code  0x08001e54     0x4  startup_stm32f407xx.o [1]
  .text              ro code  0x08001e58     0x4  startup_stm32f407xx.o [1]
  .text              ro code  0x08001e5c     0x4  startup_stm32f407xx.o [1]
  .text              ro code  0x08001e60     0x4  startup_stm32f407xx.o [1]
  .text              ro code  0x08001e64     0x4  startup_stm32f407xx.o [1]
  .text              ro code  0x08001e68     0x4  startup_stm32f407xx.o [1]
  .text              ro code  0x08001e6c     0x4  startup_stm32f407xx.o [1]
  .text              ro code  0x08001e70     0x4  startup_stm32f407xx.o [1]
  .text              ro code  0x08001e74     0x4  startup_stm32f407xx.o [1]
  .text              ro code  0x08001e78     0x4  startup_stm32f407xx.o [1]
  .text              ro code  0x08001e7c     0x4  startup_stm32f407xx.o [1]
  .text              ro code  0x08001e80     0x4  startup_stm32f407xx.o [1]
  .text              ro code  0x08001e84     0x4  startup_stm32f407xx.o [1]
  .text              ro code  0x08001e88     0x4  startup_stm32f407xx.o [1]
  .text              ro code  0x08001e8c     0x4  startup_stm32f407xx.o [1]
  .text              ro code  0x08001e90     0x4  startup_stm32f407xx.o [1]
  .rodata            const    0x08001e94     0x0  zero_init3.o [5]
  .rodata            const    0x08001e94     0x0  copy_init3.o [5]
                            - 0x08001e94  0x1d0c

"P2", part 1 of 3:                          0x10
  P2-1                        0x20000000    0x10  <Init block>
    .data            inited   0x20000000     0xc  stm32f4xx_hal.o [1]
    .data            inited   0x2000000c     0x4  system_stm32f4xx.o [1]
                            - 0x20000010    0x10

"P2", part 2 of 3:                         0x400
  CSTACK                      0x20000010   0x400  <Block>
    CSTACK           uninit   0x20000010   0x400  <Block tail>
                            - 0x20000410   0x400

"P2", part 3 of 3:                         0x160
  .bss               zero     0x20000410    0x54  main.o [1]
  .bss               zero     0x20000464    0x44  piloteCAN1.o [1]
  .bss               zero     0x200004a8    0x40  main.o [1]
  .bss               zero     0x200004e8    0x40  main.o [1]
  .bss               zero     0x20000528    0x28  main.o [1]
  .bss               zero     0x20000550    0x1c  serviceBaseDeTemps.o [1]
  .bss               zero     0x2000056c     0x4  piloteTimer6Up.o [1]
                            - 0x20000570   0x160


*******************************************************************************
*** INIT TABLE
***

          Address     Size
          -------     ----
Zero (__iar_zero_init3)
    1 destination range, total size 0x160:
          0x20000410  0x160

Copy (__iar_copy_init3)
    1 source range, total size 0x10:
          0x08001d10   0x10
    1 destination range, total size 0x10:
          0x20000000   0x10



*******************************************************************************
*** MODULE SUMMARY
***

    Module                  ro code  ro data  rw data
    ------                  -------  -------  -------
C:\Users\Utilisateur\Desktop\Études\Automne 2020\5\Projet Final 5e\Programmation\247-637 S-0010 V7-college\EWARM\247-637 S-0001 V7\Obj: [1]
    main.o                    1 152               252
    piloteCAN1.o                 88                68
    piloteTimer6Up.o             40                 4
    serviceBaseDeTemps.o         72                28
    startup_stm32f407xx.o       760
    stm32f4xx_hal.o             152       12       12
    stm32f4xx_hal_can.o         640
    stm32f4xx_hal_cortex.o      240
    stm32f4xx_hal_gpio.o        476
    stm32f4xx_hal_i2c.o         380
    stm32f4xx_hal_msp.o         452
    stm32f4xx_hal_rcc.o       1 200
    stm32f4xx_hal_tim.o         640
    stm32f4xx_hal_tim_ex.o       68
    stm32f4xx_hal_uart.o        728
    stm32f4xx_it.o               16
    system_stm32f4xx.o           96       12        4
    -------------------------------------------------
    Total:                    7 200       24      368

command line: [2]
    -------------------------------------------------
    Total:

dl7M_tln.a: [3]
    exit.o                        4
    low_level_init.o              4
    -------------------------------------------------
    Total:                        8

m7M_tls.a: [4]
    fpinit_M.o                   34
    -------------------------------------------------
    Total:                       34

rt7M_tl.a: [5]
    ABImemclr4.o                  6
    ABImemset48.o                50
    I64DivMod.o                 238
    I64DivZer.o                   2
    cexit.o                      10
    cmain.o                      26
    copy_init3.o                 44
    cstartup_M.o                 12
    data_init.o                  40
    zero_init3.o                 64
    -------------------------------------------------
    Total:                      492

shb_l.a: [6]
    exit.o                       20
    -------------------------------------------------
    Total:                       20

    Gaps                         12        2
    Linker created                        36    1 024
-----------------------------------------------------
    Grand Total:              7 766       62    1 392


*******************************************************************************
*** ENTRY LIST
***

Entry                      Address   Size  Type      Object
-----                      -------   ----  ----      ------
.iar.init_table$$Base   0x08001c78          --   Gb  - Linker created -
.iar.init_table$$Limit  0x08001c9c          --   Gb  - Linker created -
?main                   0x08001c9d         Code  Gb  cmain.o [5]
AHBPrescTable           0x08001bb0   0x10  Data  Gb  system_stm32f4xx.o [1]
APBPrescTable           0x08001d2c    0x8  Data  Gb  system_stm32f4xx.o [1]
CSTACK$$Base            0x20000010          --   Gb  - Linker created -
CSTACK$$Limit           0x20000410          --   Gb  - Linker created -
Error_Handler           0x080005cd    0x2  Code  Gb  main.o [1]
HAL_CAN_ConfigFilter    0x08000cef   0xec  Code  Gb  stm32f4xx_hal_can.o [1]
HAL_CAN_Init            0x08000bbd  0x132  Code  Gb  stm32f4xx_hal_can.o [1]
HAL_CAN_MspInit         0x08001895   0x64  Code  Gb  stm32f4xx_hal_msp.o [1]
HAL_CAN_Start           0x08000ddb   0x58  Code  Gb  stm32f4xx_hal_can.o [1]
HAL_GPIO_Init           0x08001549  0x1a2  Code  Gb  stm32f4xx_hal_gpio.o [1]
HAL_GPIO_WritePin       0x080016eb    0xe  Code  Gb  stm32f4xx_hal_gpio.o [1]
HAL_GetTick             0x08001a55    0xc  Code  Wk  stm32f4xx_hal.o [1]
HAL_I2C_Init            0x08000e3d  0x164  Code  Gb  stm32f4xx_hal_i2c.o [1]
HAL_I2C_MspInit         0x080018f9   0x66  Code  Gb  stm32f4xx_hal_msp.o [1]
HAL_IncTick             0x08001cf1   0x10  Code  Wk  stm32f4xx_hal.o [1]
HAL_Init                0x080006d1   0x30  Code  Gb  stm32f4xx_hal.o [1]
HAL_InitTick            0x08001815   0x48  Code  Wk  stm32f4xx_hal.o [1]
HAL_MspInit             0x0800185d   0x38  Code  Gb  stm32f4xx_hal_msp.o [1]
HAL_NVIC_EnableIRQ      0x080017f7    0x2  Code  Gb  stm32f4xx_hal_cortex.o [1]
HAL_NVIC_SetPriority    0x080017d9   0x1e  Code  Gb  stm32f4xx_hal_cortex.o [1]
HAL_NVIC_SetPriorityGrouping
                        0x080017d7    0x2  Code  Gb  stm32f4xx_hal_cortex.o [1]
HAL_RCC_ClockConfig     0x08000a01  0x10e  Code  Gb  stm32f4xx_hal_rcc.o [1]
HAL_RCC_GetHCLKFreq     0x08000b0f    0x6  Code  Gb  stm32f4xx_hal_rcc.o [1]
HAL_RCC_GetPCLK1Freq    0x08000b15   0x16  Code  Gb  stm32f4xx_hal_rcc.o [1]
HAL_RCC_GetPCLK2Freq    0x08000b2b   0x16  Code  Gb  stm32f4xx_hal_rcc.o [1]
HAL_RCC_GetSysClockFreq
                        0x08000b59   0x64  Code  Wk  stm32f4xx_hal_rcc.o [1]
HAL_RCC_OscConfig       0x0800070d  0x2f4  Code  Wk  stm32f4xx_hal_rcc.o [1]
HAL_SYSTICK_Config      0x080017f9    0x2  Code  Gb  stm32f4xx_hal_cortex.o [1]
HAL_TIMEx_BreakCallback
                        0x08001b55    0x2  Code  Wk  stm32f4xx_hal_tim_ex.o [1]
HAL_TIMEx_CommutCallback
                        0x08001b59    0x2  Code  Wk  stm32f4xx_hal_tim_ex.o [1]
HAL_TIMEx_MasterConfigSynchronization
                        0x08001231   0x40  Code  Gb  stm32f4xx_hal_tim_ex.o [1]
HAL_TIM_Base_Init       0x08000fb9   0x32  Code  Gb  stm32f4xx_hal_tim.o [1]
HAL_TIM_Base_MspInit    0x0800195f   0x38  Code  Gb  stm32f4xx_hal_msp.o [1]
HAL_TIM_Base_Start_IT   0x08000feb   0x22  Code  Gb  stm32f4xx_hal_tim.o [1]
HAL_TIM_IC_CaptureCallback
                        0x08001b4f    0x2  Code  Wk  stm32f4xx_hal_tim.o [1]
HAL_TIM_IRQHandler      0x0800100d  0x152  Code  Gb  stm32f4xx_hal_tim.o [1]
HAL_TIM_OC_DelayElapsedCallback
                        0x08001b51    0x2  Code  Wk  stm32f4xx_hal_tim.o [1]
HAL_TIM_PWM_PulseFinishedCallback
                        0x08001b53    0x2  Code  Wk  stm32f4xx_hal_tim.o [1]
HAL_TIM_PeriodElapsedCallback
                        0x08000609    0xe  Code  Gb  piloteTimer6Up.o [1]
HAL_TIM_TriggerCallback
                        0x08001b57    0x2  Code  Wk  stm32f4xx_hal_tim.o [1]
HAL_UART_Init           0x08001271   0x5e  Code  Gb  stm32f4xx_hal_uart.o [1]
HAL_UART_MspInit        0x08001997   0x64  Code  Gb  stm32f4xx_hal_msp.o [1]
MX_CAN1_Init            0x0800027b   0x38  Code  Lc  main.o [1]
MX_GPIO_Init            0x08000361  0x21e  Code  Lc  main.o [1]
MX_I2C1_Init            0x080002b3   0x32  Code  Lc  main.o [1]
MX_TIM6_Init            0x080002e5   0x4c  Code  Lc  main.o [1]
MX_USART2_UART_Init     0x08000331   0x30  Code  Lc  main.o [1]
NVIC_EncodePriority     0x08001779   0x36  Code  Lc  stm32f4xx_hal_cortex.o [1]
Region$$Table$$Base     0x08001c78          --   Gb  - Linker created -
Region$$Table$$Limit    0x08001c9c          --   Gb  - Linker created -
SysTick_Config          0x080017af   0x28  Code  Lc  stm32f4xx_hal_cortex.o [1]
SysTick_Handler         0x08001d01    0x4  Code  Gb  stm32f4xx_it.o [1]
SystemClock_Config      0x080001d3   0xa8  Code  Gb  main.o [1]
SystemCoreClock         0x2000000c    0x4  Data  Gb  system_stm32f4xx.o [1]
SystemInit              0x08001b61   0x3a  Code  Gb  system_stm32f4xx.o [1]
TIM6_DAC_IRQHandler     0x08001d05    0x6  Code  Gb  stm32f4xx_it.o [1]
TIM_Base_SetConfig      0x0800115f   0xa6  Code  Gb  stm32f4xx_hal_tim.o [1]
UART_SetConfig          0x080012cf  0x26c  Code  Lc  stm32f4xx_hal_uart.o [1]
__NVIC_EnableIRQ        0x08001749   0x16  Code  Lc  stm32f4xx_hal_cortex.o [1]
__NVIC_GetPriorityGrouping
                        0x0800173f    0xa  Code  Lc  stm32f4xx_hal_cortex.o [1]
__NVIC_SetPriority      0x0800175f   0x1a  Code  Lc  stm32f4xx_hal_cortex.o [1]
__NVIC_SetPriorityGrouping
                        0x08001725   0x1a  Code  Lc  stm32f4xx_hal_cortex.o [1]
__aeabi_ldiv0           0x08001b5d         Code  Gb  I64DivZer.o [5]
__aeabi_memclr4         0x08000705         Code  Gb  ABImemclr4.o [5]
__aeabi_uldivmod        0x08001a61         Code  Gb  I64DivMod.o [5]
__cmain                 0x08001c9d         Code  Gb  cmain.o [5]
__exit                  0x08001ccd   0x14  Code  Gb  exit.o [6]
__iar_Memset4_word      0x08001a21         Code  Gb  ABImemset48.o [5]
__iar_Memset8_word      0x08001a21         Code  Gb  ABImemset48.o [5]
__iar_copy_init3        0x08001c01   0x2c  Code  Gb  copy_init3.o [5]
__iar_data_init3        0x08001c2d   0x28  Code  Gb  data_init.o [5]
__iar_init_vfp          0x08001c55         Code  Gb  fpinit_M.o [4]
__iar_program_start     0x08001d21         Code  Gb  cstartup_M.o [5]
__iar_zero_init3        0x08001bc1   0x40  Code  Gb  zero_init3.o [5]
__low_level_init        0x08001cb7    0x4  Code  Gb  low_level_init.o [3]
__vector_table          0x08000000         Data  Gb  startup_stm32f407xx.o [1]
_call_main              0x08001ca9         Code  Gb  cmain.o [5]
_exit                   0x08001cc1         Code  Gb  cexit.o [5]
_main                   0x08001cb3         Code  Gb  cmain.o [5]
exit                    0x08001cbb    0x4  Code  Gb  exit.o [3]
hcan1                   0x20000528   0x28  Data  Gb  main.o [1]
hi2c1                   0x20000410   0x54  Data  Gb  main.o [1]
htim6                   0x200004a8   0x40  Data  Gb  main.o [1]
huart2                  0x200004e8   0x40  Data  Gb  main.o [1]
main                    0x080001ab   0x28  Code  Gb  main.o [1]
main_initialiseApresLeHAL
                        0x0800019b    0xe  Code  Gb  main.o [1]
main_initialiseAvantLeHAL
                        0x08000189   0x12  Code  Gb  main.o [1]
neFaitRien              0x080001a9    0x2  Code  Gb  main.o [1]
piloteCAN1_CasierPostal
                        0x200004a4    0x4  Data  Gb  piloteCAN1.o [1]
piloteCAN1_filtre       0x2000047c   0x28  Data  Gb  piloteCAN1.o [1]
piloteCAN1_initialise   0x08000631   0x50  Code  Gb  piloteCAN1.o [1]
piloteCAN1_transmission
                        0x20000464   0x18  Data  Gb  piloteCAN1.o [1]
piloteTimer6Up_execute  0x2000056c    0x4  Data  Gb  piloteTimer6Up.o [1]
piloteTimer6Up_initialise
                        0x0800061d    0x8  Code  Gb  piloteTimer6Up.o [1]
piloteTimer6Up_permetLesInterruptions
                        0x08000617    0x6  Code  Gb  piloteTimer6Up.o [1]
serviceBaseDeTemps_execute
                        0x20000550   0x1c  Data  Gb  serviceBaseDeTemps.o [1]
serviceBaseDeTemps_gere
                        0x08000689   0x1a  Code  Gb  serviceBaseDeTemps.o [1]
serviceBaseDeTemps_initialise
                        0x080006a3   0x1e  Code  Gb  serviceBaseDeTemps.o [1]
uwTick                  0x20000004    0x4  Data  Gb  stm32f4xx_hal.o [1]
uwTickFreq              0x20000000    0x1  Data  Gb  stm32f4xx_hal.o [1]
uwTickPrio              0x20000008    0x4  Data  Gb  stm32f4xx_hal.o [1]


[1] = C:\Users\Utilisateur\Desktop\Études\Automne 2020\5\Projet Final 5e\Programmation\247-637 S-0010 V7-college\EWARM\247-637 S-0001 V7\Obj
[2] = command line
[3] = dl7M_tln.a
[4] = m7M_tls.a
[5] = rt7M_tl.a
[6] = shb_l.a

  7 766 bytes of readonly  code memory
     62 bytes of readonly  data memory
  1 392 bytes of readwrite data memory

Errors: none
Warnings: none
