###############################################################################
#
# IAR ELF Linker V7.80.1.11864/W32 for ARM                17/Nov/2020  14:42:18
# Copyright 2007-2016 IAR Systems AB.
#
#    Output file  =  
#        C:\Users\Utilisateur\Desktop\Études\Automne 2020\5\Projet Final
#        5e\Programmation\247-637 S-0010 V7-college\EWARM\247-637 S-0010
#        V7\Exe\247-637 S-0010 V7.out
#    Map file     =  
#        C:\Users\Utilisateur\Desktop\Études\Automne 2020\5\Projet Final
#        5e\Programmation\247-637 S-0010 V7-college\EWARM\247-637 S-0010
#        V7\List\247-637 S-0010 V7.map
#    Command line =  
#        "C:\Users\Utilisateur\Desktop\Études\Automne 2020\5\Projet Final
#        5e\Programmation\247-637 S-0010 V7-college\EWARM\247-637 S-0010
#        V7\Obj\main.o" "C:\Users\Utilisateur\Desktop\Études\Automne
#        2020\5\Projet Final 5e\Programmation\247-637 S-0010
#        V7-college\EWARM\247-637 S-0010 V7\Obj\piloteCAN1.o"
#        "C:\Users\Utilisateur\Desktop\Études\Automne 2020\5\Projet Final
#        5e\Programmation\247-637 S-0010 V7-college\EWARM\247-637 S-0010
#        V7\Obj\piloteTimer6Up.o" "C:\Users\Utilisateur\Desktop\Études\Automne
#        2020\5\Projet Final 5e\Programmation\247-637 S-0010
#        V7-college\EWARM\247-637 S-0010 V7\Obj\serviceBaseDeTemps.o"
#        "C:\Users\Utilisateur\Desktop\Études\Automne 2020\5\Projet Final
#        5e\Programmation\247-637 S-0010 V7-college\EWARM\247-637 S-0010
#        V7\Obj\startup_stm32f407xx.o"
#        "C:\Users\Utilisateur\Desktop\Études\Automne 2020\5\Projet Final
#        5e\Programmation\247-637 S-0010 V7-college\EWARM\247-637 S-0010
#        V7\Obj\stm32f4xx_hal.o" "C:\Users\Utilisateur\Desktop\Études\Automne
#        2020\5\Projet Final 5e\Programmation\247-637 S-0010
#        V7-college\EWARM\247-637 S-0010 V7\Obj\stm32f4xx_hal_can.o"
#        "C:\Users\Utilisateur\Desktop\Études\Automne 2020\5\Projet Final
#        5e\Programmation\247-637 S-0010 V7-college\EWARM\247-637 S-0010
#        V7\Obj\stm32f4xx_hal_cortex.o"
#        "C:\Users\Utilisateur\Desktop\Études\Automne 2020\5\Projet Final
#        5e\Programmation\247-637 S-0010 V7-college\EWARM\247-637 S-0010
#        V7\Obj\stm32f4xx_hal_dma.o"
#        "C:\Users\Utilisateur\Desktop\Études\Automne 2020\5\Projet Final
#        5e\Programmation\247-637 S-0010 V7-college\EWARM\247-637 S-0010
#        V7\Obj\stm32f4xx_hal_dma_ex.o"
#        "C:\Users\Utilisateur\Desktop\Études\Automne 2020\5\Projet Final
#        5e\Programmation\247-637 S-0010 V7-college\EWARM\247-637 S-0010
#        V7\Obj\stm32f4xx_hal_exti.o"
#        "C:\Users\Utilisateur\Desktop\Études\Automne 2020\5\Projet Final
#        5e\Programmation\247-637 S-0010 V7-college\EWARM\247-637 S-0010
#        V7\Obj\stm32f4xx_hal_flash.o"
#        "C:\Users\Utilisateur\Desktop\Études\Automne 2020\5\Projet Final
#        5e\Programmation\247-637 S-0010 V7-college\EWARM\247-637 S-0010
#        V7\Obj\stm32f4xx_hal_flash_ex.o"
#        "C:\Users\Utilisateur\Desktop\Études\Automne 2020\5\Projet Final
#        5e\Programmation\247-637 S-0010 V7-college\EWARM\247-637 S-0010
#        V7\Obj\stm32f4xx_hal_flash_ramfunc.o"
#        "C:\Users\Utilisateur\Desktop\Études\Automne 2020\5\Projet Final
#        5e\Programmation\247-637 S-0010 V7-college\EWARM\247-637 S-0010
#        V7\Obj\stm32f4xx_hal_gpio.o"
#        "C:\Users\Utilisateur\Desktop\Études\Automne 2020\5\Projet Final
#        5e\Programmation\247-637 S-0010 V7-college\EWARM\247-637 S-0010
#        V7\Obj\stm32f4xx_hal_msp.o"
#        "C:\Users\Utilisateur\Desktop\Études\Automne 2020\5\Projet Final
#        5e\Programmation\247-637 S-0010 V7-college\EWARM\247-637 S-0010
#        V7\Obj\stm32f4xx_hal_pwr.o"
#        "C:\Users\Utilisateur\Desktop\Études\Automne 2020\5\Projet Final
#        5e\Programmation\247-637 S-0010 V7-college\EWARM\247-637 S-0010
#        V7\Obj\stm32f4xx_hal_pwr_ex.o"
#        "C:\Users\Utilisateur\Desktop\Études\Automne 2020\5\Projet Final
#        5e\Programmation\247-637 S-0010 V7-college\EWARM\247-637 S-0010
#        V7\Obj\stm32f4xx_hal_rcc.o"
#        "C:\Users\Utilisateur\Desktop\Études\Automne 2020\5\Projet Final
#        5e\Programmation\247-637 S-0010 V7-college\EWARM\247-637 S-0010
#        V7\Obj\stm32f4xx_hal_rcc_ex.o"
#        "C:\Users\Utilisateur\Desktop\Études\Automne 2020\5\Projet Final
#        5e\Programmation\247-637 S-0010 V7-college\EWARM\247-637 S-0010
#        V7\Obj\stm32f4xx_hal_tim.o"
#        "C:\Users\Utilisateur\Desktop\Études\Automne 2020\5\Projet Final
#        5e\Programmation\247-637 S-0010 V7-college\EWARM\247-637 S-0010
#        V7\Obj\stm32f4xx_hal_tim_ex.o"
#        "C:\Users\Utilisateur\Desktop\Études\Automne 2020\5\Projet Final
#        5e\Programmation\247-637 S-0010 V7-college\EWARM\247-637 S-0010
#        V7\Obj\stm32f4xx_hal_uart.o"
#        "C:\Users\Utilisateur\Desktop\Études\Automne 2020\5\Projet Final
#        5e\Programmation\247-637 S-0010 V7-college\EWARM\247-637 S-0010
#        V7\Obj\stm32f4xx_it.o" "C:\Users\Utilisateur\Desktop\Études\Automne
#        2020\5\Projet Final 5e\Programmation\247-637 S-0010
#        V7-college\EWARM\247-637 S-0010 V7\Obj\system_stm32f4xx.o" --redirect
#        _Printf=_PrintfFull --redirect _Scanf=_ScanfFull -o
#        "C:\Users\Utilisateur\Desktop\Études\Automne 2020\5\Projet Final
#        5e\Programmation\247-637 S-0010 V7-college\EWARM\247-637 S-0010
#        V7\Exe\247-637 S-0010 V7.out" --map
#        "C:\Users\Utilisateur\Desktop\Études\Automne 2020\5\Projet Final
#        5e\Programmation\247-637 S-0010 V7-college\EWARM\247-637 S-0010
#        V7\List\247-637 S-0010 V7.map" --config
#        "C:\Users\Utilisateur\Desktop\Études\Automne 2020\5\Projet Final
#        5e\Programmation\247-637 S-0010
#        V7-college\EWARM/stm32f407xx_flash.icf" --semihosting --entry
#        __iar_program_start --vfe
#
###############################################################################

*******************************************************************************
*** RUNTIME MODEL ATTRIBUTES
***

CppFlavor       = *
__SystemLibrary = DLib


*******************************************************************************
*** PLACEMENT SUMMARY
***

"A0":  place at 0x08000000 { ro section .intvec };
"P1":  place in [from 0x08000000 to 0x080fffff] { ro };
"P2":  place in [from 0x20000000 to 0x2001ffff] { rw, block CSTACK, block HEAP };
initialize by copy { rw };

  Section            Kind        Address    Size  Object
  -------            ----        -------    ----  ------
"A0":                                      0x188
  .intvec            ro code  0x08000000   0x188  startup_stm32f407xx.o [1]
                            - 0x08000188   0x188

"P1":                                     0x1ae8
  .text              ro code  0x08000188   0x448  main.o [1]
  .text              ro code  0x080005d0    0x28  piloteTimer6Up.o [1]
  .text              ro code  0x080005f8    0x58  piloteCAN1.o [1]
  .text              ro code  0x08000650    0x48  serviceBaseDeTemps.o [1]
  .text              ro code  0x08000698    0x34  stm32f4xx_hal.o [1]
  .text              ro code  0x080006cc     0x6  ABImemclr4.o [5]
  .text              ro code  0x080006d4   0x2f4  stm32f4xx_hal_rcc.o [1]
  .text              ro code  0x080009c8   0x1bc  stm32f4xx_hal_rcc.o [1]
  .text              ro code  0x08000b84   0x280  stm32f4xx_hal_can.o [1]
  .text              ro code  0x08000e04   0x278  stm32f4xx_hal_tim.o [1]
  .text              ro code  0x0800107c    0x40  stm32f4xx_hal_tim_ex.o [1]
  .text              ro code  0x080010bc   0x2d8  stm32f4xx_hal_uart.o [1]
  .text              ro code  0x08001394   0x1dc  stm32f4xx_hal_gpio.o [1]
  .text              ro code  0x08001570    0xf0  stm32f4xx_hal_cortex.o [1]
  .text              ro code  0x08001660    0x48  stm32f4xx_hal.o [1]
  .text              ro code  0x080016a8   0x154  stm32f4xx_hal_msp.o [1]
  .text              ro code  0x080017fc    0x32  ABImemset48.o [5]
  .text              ro code  0x08001830     0xc  stm32f4xx_hal.o [1]
  .text              ro code  0x0800183c    0xee  I64DivMod.o [5]
  .text              ro code  0x0800192a     0x2  stm32f4xx_hal_tim.o [1]
  .text              ro code  0x0800192c     0x2  stm32f4xx_hal_tim.o [1]
  .text              ro code  0x0800192e     0x2  stm32f4xx_hal_tim.o [1]
  .text              ro code  0x08001930     0x2  stm32f4xx_hal_tim_ex.o [1]
  .text              ro code  0x08001932     0x2  stm32f4xx_hal_tim.o [1]
  .text              ro code  0x08001934     0x2  stm32f4xx_hal_tim_ex.o [1]
  .text              ro code  0x08001938     0x2  I64DivZer.o [5]
  .text              ro code  0x0800193c    0x60  system_stm32f4xx.o [1]
  .text              ro code  0x0800199c    0x40  zero_init3.o [5]
  .text              ro code  0x080019dc    0x2c  copy_init3.o [5]
  .text              ro code  0x08001a08    0x28  data_init.o [5]
  .text              ro code  0x08001a30    0x22  fpinit_M.o [4]
  .iar.init_table    const    0x08001a54    0x24  - Linker created -
  .text              ro code  0x08001a78    0x1a  cmain.o [5]
  .text              ro code  0x08001a92     0x4  low_level_init.o [3]
  .text              ro code  0x08001a96     0x4  exit.o [3]
  .text              ro code  0x08001a9c     0xa  cexit.o [5]
  .text              ro code  0x08001aa8    0x14  exit.o [6]
  .text              ro code  0x08001abc    0x10  startup_stm32f407xx.o [1]
  .text              ro code  0x08001acc    0x10  stm32f4xx_hal.o [1]
  .text              ro code  0x08001adc    0x10  stm32f4xx_it.o [1]
  Initializer bytes  const    0x08001aec    0x10  <for P2-1>
  .text              ro code  0x08001afc     0xc  cstartup_M.o [5]
  .rodata            const    0x08001b08     0x8  system_stm32f4xx.o [1]
  .text              ro code  0x08001b10     0x4  startup_stm32f407xx.o [1]
  .text              ro code  0x08001b14     0x4  startup_stm32f407xx.o [1]
  .text              ro code  0x08001b18     0x4  startup_stm32f407xx.o [1]
  .text              ro code  0x08001b1c     0x4  startup_stm32f407xx.o [1]
  .text              ro code  0x08001b20     0x4  startup_stm32f407xx.o [1]
  .text              ro code  0x08001b24     0x4  startup_stm32f407xx.o [1]
  .text              ro code  0x08001b28     0x4  startup_stm32f407xx.o [1]
  .text              ro code  0x08001b2c     0x4  startup_stm32f407xx.o [1]
  .text              ro code  0x08001b30     0x4  startup_stm32f407xx.o [1]
  .text              ro code  0x08001b34     0x4  startup_stm32f407xx.o [1]
  .text              ro code  0x08001b38     0x4  startup_stm32f407xx.o [1]
  .text              ro code  0x08001b3c     0x4  startup_stm32f407xx.o [1]
  .text              ro code  0x08001b40     0x4  startup_stm32f407xx.o [1]
  .text              ro code  0x08001b44     0x4  startup_stm32f407xx.o [1]
  .text              ro code  0x08001b48     0x4  startup_stm32f407xx.o [1]
  .text              ro code  0x08001b4c     0x4  startup_stm32f407xx.o [1]
  .text              ro code  0x08001b50     0x4  startup_stm32f407xx.o [1]
  .text              ro code  0x08001b54     0x4  startup_stm32f407xx.o [1]
  .text              ro code  0x08001b58     0x4  startup_stm32f407xx.o [1]
  .text              ro code  0x08001b5c     0x4  startup_stm32f407xx.o [1]
  .text              ro code  0x08001b60     0x4  startup_stm32f407xx.o [1]
  .text              ro code  0x08001b64     0x4  startup_stm32f407xx.o [1]
  .text              ro code  0x08001b68     0x4  startup_stm32f407xx.o [1]
  .text              ro code  0x08001b6c     0x4  startup_stm32f407xx.o [1]
  .text              ro code  0x08001b70     0x4  startup_stm32f407xx.o [1]
  .text              ro code  0x08001b74     0x4  startup_stm32f407xx.o [1]
  .text              ro code  0x08001b78     0x4  startup_stm32f407xx.o [1]
  .text              ro code  0x08001b7c     0x4  startup_stm32f407xx.o [1]
  .text              ro code  0x08001b80     0x4  startup_stm32f407xx.o [1]
  .text              ro code  0x08001b84     0x4  startup_stm32f407xx.o [1]
  .text              ro code  0x08001b88     0x4  startup_stm32f407xx.o [1]
  .text              ro code  0x08001b8c     0x4  startup_stm32f407xx.o [1]
  .text              ro code  0x08001b90     0x4  startup_stm32f407xx.o [1]
  .text              ro code  0x08001b94     0x4  startup_stm32f407xx.o [1]
  .text              ro code  0x08001b98     0x4  startup_stm32f407xx.o [1]
  .text              ro code  0x08001b9c     0x4  startup_stm32f407xx.o [1]
  .text              ro code  0x08001ba0     0x4  startup_stm32f407xx.o [1]
  .text              ro code  0x08001ba4     0x4  startup_stm32f407xx.o [1]
  .text              ro code  0x08001ba8     0x4  startup_stm32f407xx.o [1]
  .text              ro code  0x08001bac     0x4  startup_stm32f407xx.o [1]
  .text              ro code  0x08001bb0     0x4  startup_stm32f407xx.o [1]
  .text              ro code  0x08001bb4     0x4  startup_stm32f407xx.o [1]
  .text              ro code  0x08001bb8     0x4  startup_stm32f407xx.o [1]
  .text              ro code  0x08001bbc     0x4  startup_stm32f407xx.o [1]
  .text              ro code  0x08001bc0     0x4  startup_stm32f407xx.o [1]
  .text              ro code  0x08001bc4     0x4  startup_stm32f407xx.o [1]
  .text              ro code  0x08001bc8     0x4  startup_stm32f407xx.o [1]
  .text              ro code  0x08001bcc     0x4  startup_stm32f407xx.o [1]
  .text              ro code  0x08001bd0     0x4  startup_stm32f407xx.o [1]
  .text              ro code  0x08001bd4     0x4  startup_stm32f407xx.o [1]
  .text              ro code  0x08001bd8     0x4  startup_stm32f407xx.o [1]
  .text              ro code  0x08001bdc     0x4  startup_stm32f407xx.o [1]
  .text              ro code  0x08001be0     0x4  startup_stm32f407xx.o [1]
  .text              ro code  0x08001be4     0x4  startup_stm32f407xx.o [1]
  .text              ro code  0x08001be8     0x4  startup_stm32f407xx.o [1]
  .text              ro code  0x08001bec     0x4  startup_stm32f407xx.o [1]
  .text              ro code  0x08001bf0     0x4  startup_stm32f407xx.o [1]
  .text              ro code  0x08001bf4     0x4  startup_stm32f407xx.o [1]
  .text              ro code  0x08001bf8     0x4  startup_stm32f407xx.o [1]
  .text              ro code  0x08001bfc     0x4  startup_stm32f407xx.o [1]
  .text              ro code  0x08001c00     0x4  startup_stm32f407xx.o [1]
  .text              ro code  0x08001c04     0x4  startup_stm32f407xx.o [1]
  .text              ro code  0x08001c08     0x4  startup_stm32f407xx.o [1]
  .text              ro code  0x08001c0c     0x4  startup_stm32f407xx.o [1]
  .text              ro code  0x08001c10     0x4  startup_stm32f407xx.o [1]
  .text              ro code  0x08001c14     0x4  startup_stm32f407xx.o [1]
  .text              ro code  0x08001c18     0x4  startup_stm32f407xx.o [1]
  .text              ro code  0x08001c1c     0x4  startup_stm32f407xx.o [1]
  .text              ro code  0x08001c20     0x4  startup_stm32f407xx.o [1]
  .text              ro code  0x08001c24     0x4  startup_stm32f407xx.o [1]
  .text              ro code  0x08001c28     0x4  startup_stm32f407xx.o [1]
  .text              ro code  0x08001c2c     0x4  startup_stm32f407xx.o [1]
  .text              ro code  0x08001c30     0x4  startup_stm32f407xx.o [1]
  .text              ro code  0x08001c34     0x4  startup_stm32f407xx.o [1]
  .text              ro code  0x08001c38     0x4  startup_stm32f407xx.o [1]
  .text              ro code  0x08001c3c     0x4  startup_stm32f407xx.o [1]
  .text              ro code  0x08001c40     0x4  startup_stm32f407xx.o [1]
  .text              ro code  0x08001c44     0x4  startup_stm32f407xx.o [1]
  .text              ro code  0x08001c48     0x4  startup_stm32f407xx.o [1]
  .text              ro code  0x08001c4c     0x4  startup_stm32f407xx.o [1]
  .text              ro code  0x08001c50     0x4  startup_stm32f407xx.o [1]
  .text              ro code  0x08001c54     0x4  startup_stm32f407xx.o [1]
  .text              ro code  0x08001c58     0x4  startup_stm32f407xx.o [1]
  .text              ro code  0x08001c5c     0x4  startup_stm32f407xx.o [1]
  .text              ro code  0x08001c60     0x4  startup_stm32f407xx.o [1]
  .text              ro code  0x08001c64     0x4  startup_stm32f407xx.o [1]
  .text              ro code  0x08001c68     0x4  startup_stm32f407xx.o [1]
  .text              ro code  0x08001c6c     0x4  startup_stm32f407xx.o [1]
  .rodata            const    0x08001c70     0x0  zero_init3.o [5]
  .rodata            const    0x08001c70     0x0  copy_init3.o [5]
                            - 0x08001c70  0x1ae8

"P2", part 1 of 3:                          0x10
  P2-1                        0x20000000    0x10  <Init block>
    .data            inited   0x20000000     0xc  stm32f4xx_hal.o [1]
    .data            inited   0x2000000c     0x4  system_stm32f4xx.o [1]
                            - 0x20000010    0x10

"P2", part 2 of 3:                         0x400
  CSTACK                      0x20000010   0x400  <Block>
    CSTACK           uninit   0x20000010   0x400  <Block tail>
                            - 0x20000410   0x400

"P2", part 3 of 3:                         0x10c
  .bss               zero     0x20000410    0x44  piloteCAN1.o [1]
  .bss               zero     0x20000454    0x40  main.o [1]
  .bss               zero     0x20000494    0x40  main.o [1]
  .bss               zero     0x200004d4    0x28  main.o [1]
  .bss               zero     0x200004fc    0x1c  serviceBaseDeTemps.o [1]
  .bss               zero     0x20000518     0x4  piloteTimer6Up.o [1]
                            - 0x2000051c   0x10c


*******************************************************************************
*** INIT TABLE
***

          Address     Size
          -------     ----
Zero (__iar_zero_init3)
    1 destination range, total size 0x10c:
          0x20000410  0x10c

Copy (__iar_copy_init3)
    1 source range, total size 0x10:
          0x08001aec   0x10
    1 destination range, total size 0x10:
          0x20000000   0x10



*******************************************************************************
*** MODULE SUMMARY
***

    Module                  ro code  ro data  rw data
    ------                  -------  -------  -------
C:\Users\Utilisateur\Desktop\Études\Automne 2020\5\Projet Final 5e\Programmation\247-637 S-0010 V7-college\EWARM\247-637 S-0010 V7\Obj: [1]
    main.o                    1 096               168
    piloteCAN1.o                 88                68
    piloteTimer6Up.o             40                 4
    serviceBaseDeTemps.o         72                28
    startup_stm32f407xx.o       760
    stm32f4xx_hal.o             152       12       12
    stm32f4xx_hal_can.o         640
    stm32f4xx_hal_cortex.o      240
    stm32f4xx_hal_gpio.o        476
    stm32f4xx_hal_msp.o         340
    stm32f4xx_hal_rcc.o       1 200
    stm32f4xx_hal_tim.o         640
    stm32f4xx_hal_tim_ex.o       68
    stm32f4xx_hal_uart.o        728
    stm32f4xx_it.o               16
    system_stm32f4xx.o           96       12        4
    -------------------------------------------------
    Total:                    6 652       24      284

command line: [2]
    -------------------------------------------------
    Total:

dl7M_tln.a: [3]
    exit.o                        4
    low_level_init.o              4
    -------------------------------------------------
    Total:                        8

m7M_tls.a: [4]
    fpinit_M.o                   34
    -------------------------------------------------
    Total:                       34

rt7M_tl.a: [5]
    ABImemclr4.o                  6
    ABImemset48.o                50
    I64DivMod.o                 238
    I64DivZer.o                   2
    cexit.o                      10
    cmain.o                      26
    copy_init3.o                 44
    cstartup_M.o                 12
    data_init.o                  40
    zero_init3.o                 64
    -------------------------------------------------
    Total:                      492

shb_l.a: [6]
    exit.o                       20
    -------------------------------------------------
    Total:                       20

    Gaps                         12        2
    Linker created                        36    1 024
-----------------------------------------------------
    Grand Total:              7 218       62    1 308


*******************************************************************************
*** ENTRY LIST
***

Entry                      Address   Size  Type      Object
-----                      -------   ----  ----      ------
.iar.init_table$$Base   0x08001a54          --   Gb  - Linker created -
.iar.init_table$$Limit  0x08001a78          --   Gb  - Linker created -
?main                   0x08001a79         Code  Gb  cmain.o [5]
AHBPrescTable           0x0800198c   0x10  Data  Gb  system_stm32f4xx.o [1]
APBPrescTable           0x08001b08    0x8  Data  Gb  system_stm32f4xx.o [1]
CSTACK$$Base            0x20000010          --   Gb  - Linker created -
CSTACK$$Limit           0x20000410          --   Gb  - Linker created -
Error_Handler           0x08000595    0x2  Code  Gb  main.o [1]
HAL_CAN_ConfigFilter    0x08000cb7   0xec  Code  Gb  stm32f4xx_hal_can.o [1]
HAL_CAN_Init            0x08000b85  0x132  Code  Gb  stm32f4xx_hal_can.o [1]
HAL_CAN_MspInit         0x080016e1   0x64  Code  Gb  stm32f4xx_hal_msp.o [1]
HAL_CAN_Start           0x08000da3   0x58  Code  Gb  stm32f4xx_hal_can.o [1]
HAL_GPIO_Init           0x08001395  0x1a2  Code  Gb  stm32f4xx_hal_gpio.o [1]
HAL_GPIO_WritePin       0x08001537    0xe  Code  Gb  stm32f4xx_hal_gpio.o [1]
HAL_GetTick             0x08001831    0xc  Code  Wk  stm32f4xx_hal.o [1]
HAL_IncTick             0x08001acd   0x10  Code  Wk  stm32f4xx_hal.o [1]
HAL_Init                0x08000699   0x30  Code  Gb  stm32f4xx_hal.o [1]
HAL_InitTick            0x08001661   0x48  Code  Wk  stm32f4xx_hal.o [1]
HAL_MspInit             0x080016a9   0x38  Code  Gb  stm32f4xx_hal_msp.o [1]
HAL_NVIC_EnableIRQ      0x08001643    0x2  Code  Gb  stm32f4xx_hal_cortex.o [1]
HAL_NVIC_SetPriority    0x08001625   0x1e  Code  Gb  stm32f4xx_hal_cortex.o [1]
HAL_NVIC_SetPriorityGrouping
                        0x08001623    0x2  Code  Gb  stm32f4xx_hal_cortex.o [1]
HAL_RCC_ClockConfig     0x080009c9  0x10e  Code  Gb  stm32f4xx_hal_rcc.o [1]
HAL_RCC_GetHCLKFreq     0x08000ad7    0x6  Code  Gb  stm32f4xx_hal_rcc.o [1]
HAL_RCC_GetPCLK1Freq    0x08000add   0x16  Code  Gb  stm32f4xx_hal_rcc.o [1]
HAL_RCC_GetPCLK2Freq    0x08000af3   0x16  Code  Gb  stm32f4xx_hal_rcc.o [1]
HAL_RCC_GetSysClockFreq
                        0x08000b21   0x64  Code  Wk  stm32f4xx_hal_rcc.o [1]
HAL_RCC_OscConfig       0x080006d5  0x2f4  Code  Wk  stm32f4xx_hal_rcc.o [1]
HAL_SYSTICK_Config      0x08001645    0x2  Code  Gb  stm32f4xx_hal_cortex.o [1]
HAL_TIMEx_BreakCallback
                        0x08001931    0x2  Code  Wk  stm32f4xx_hal_tim_ex.o [1]
HAL_TIMEx_CommutCallback
                        0x08001935    0x2  Code  Wk  stm32f4xx_hal_tim_ex.o [1]
HAL_TIMEx_MasterConfigSynchronization
                        0x0800107d   0x40  Code  Gb  stm32f4xx_hal_tim_ex.o [1]
HAL_TIM_Base_Init       0x08000e05   0x32  Code  Gb  stm32f4xx_hal_tim.o [1]
HAL_TIM_Base_MspInit    0x08001745   0x38  Code  Gb  stm32f4xx_hal_msp.o [1]
HAL_TIM_Base_Start_IT   0x08000e37   0x22  Code  Gb  stm32f4xx_hal_tim.o [1]
HAL_TIM_IC_CaptureCallback
                        0x0800192b    0x2  Code  Wk  stm32f4xx_hal_tim.o [1]
HAL_TIM_IRQHandler      0x08000e59  0x152  Code  Gb  stm32f4xx_hal_tim.o [1]
HAL_TIM_OC_DelayElapsedCallback
                        0x0800192d    0x2  Code  Wk  stm32f4xx_hal_tim.o [1]
HAL_TIM_PWM_PulseFinishedCallback
                        0x0800192f    0x2  Code  Wk  stm32f4xx_hal_tim.o [1]
HAL_TIM_PeriodElapsedCallback
                        0x080005d1    0xe  Code  Gb  piloteTimer6Up.o [1]
HAL_TIM_TriggerCallback
                        0x08001933    0x2  Code  Wk  stm32f4xx_hal_tim.o [1]
HAL_UART_Init           0x080010bd   0x5e  Code  Gb  stm32f4xx_hal_uart.o [1]
HAL_UART_MspInit        0x0800177d   0x64  Code  Gb  stm32f4xx_hal_msp.o [1]
MX_CAN1_Init            0x08000277   0x38  Code  Lc  main.o [1]
MX_GPIO_Init            0x0800032b  0x228  Code  Lc  main.o [1]
MX_TIM6_Init            0x080002af   0x4c  Code  Lc  main.o [1]
MX_USART2_UART_Init     0x080002fb   0x30  Code  Lc  main.o [1]
NVIC_EncodePriority     0x080015c5   0x36  Code  Lc  stm32f4xx_hal_cortex.o [1]
Region$$Table$$Base     0x08001a54          --   Gb  - Linker created -
Region$$Table$$Limit    0x08001a78          --   Gb  - Linker created -
SysTick_Config          0x080015fb   0x28  Code  Lc  stm32f4xx_hal_cortex.o [1]
SysTick_Handler         0x08001add    0x4  Code  Gb  stm32f4xx_it.o [1]
SystemClock_Config      0x080001cf   0xa8  Code  Gb  main.o [1]
SystemCoreClock         0x2000000c    0x4  Data  Gb  system_stm32f4xx.o [1]
SystemInit              0x0800193d   0x3a  Code  Gb  system_stm32f4xx.o [1]
TIM6_DAC_IRQHandler     0x08001ae1    0x6  Code  Gb  stm32f4xx_it.o [1]
TIM_Base_SetConfig      0x08000fab   0xa6  Code  Gb  stm32f4xx_hal_tim.o [1]
UART_SetConfig          0x0800111b  0x26c  Code  Lc  stm32f4xx_hal_uart.o [1]
__NVIC_EnableIRQ        0x08001595   0x16  Code  Lc  stm32f4xx_hal_cortex.o [1]
__NVIC_GetPriorityGrouping
                        0x0800158b    0xa  Code  Lc  stm32f4xx_hal_cortex.o [1]
__NVIC_SetPriority      0x080015ab   0x1a  Code  Lc  stm32f4xx_hal_cortex.o [1]
__NVIC_SetPriorityGrouping
                        0x08001571   0x1a  Code  Lc  stm32f4xx_hal_cortex.o [1]
__aeabi_ldiv0           0x08001939         Code  Gb  I64DivZer.o [5]
__aeabi_memclr4         0x080006cd         Code  Gb  ABImemclr4.o [5]
__aeabi_uldivmod        0x0800183d         Code  Gb  I64DivMod.o [5]
__cmain                 0x08001a79         Code  Gb  cmain.o [5]
__exit                  0x08001aa9   0x14  Code  Gb  exit.o [6]
__iar_Memset4_word      0x080017fd         Code  Gb  ABImemset48.o [5]
__iar_Memset8_word      0x080017fd         Code  Gb  ABImemset48.o [5]
__iar_copy_init3        0x080019dd   0x2c  Code  Gb  copy_init3.o [5]
__iar_data_init3        0x08001a09   0x28  Code  Gb  data_init.o [5]
__iar_init_vfp          0x08001a31         Code  Gb  fpinit_M.o [4]
__iar_program_start     0x08001afd         Code  Gb  cstartup_M.o [5]
__iar_zero_init3        0x0800199d   0x40  Code  Gb  zero_init3.o [5]
__low_level_init        0x08001a93    0x4  Code  Gb  low_level_init.o [3]
__vector_table          0x08000000         Data  Gb  startup_stm32f407xx.o [1]
_call_main              0x08001a85         Code  Gb  cmain.o [5]
_exit                   0x08001a9d         Code  Gb  cexit.o [5]
_main                   0x08001a8f         Code  Gb  cmain.o [5]
exit                    0x08001a97    0x4  Code  Gb  exit.o [3]
hcan1                   0x200004d4   0x28  Data  Gb  main.o [1]
htim6                   0x20000454   0x40  Data  Gb  main.o [1]
huart2                  0x20000494   0x40  Data  Gb  main.o [1]
main                    0x080001ab   0x24  Code  Gb  main.o [1]
main_initialiseApresLeHAL
                        0x0800019b    0xe  Code  Gb  main.o [1]
main_initialiseAvantLeHAL
                        0x08000189   0x12  Code  Gb  main.o [1]
neFaitRien              0x080001a9    0x2  Code  Gb  main.o [1]
piloteCAN1_CasierPostal
                        0x20000450    0x4  Data  Gb  piloteCAN1.o [1]
piloteCAN1_filtre       0x20000428   0x28  Data  Gb  piloteCAN1.o [1]
piloteCAN1_initialise   0x080005f9   0x50  Code  Gb  piloteCAN1.o [1]
piloteCAN1_transmission
                        0x20000410   0x18  Data  Gb  piloteCAN1.o [1]
piloteTimer6Up_execute  0x20000518    0x4  Data  Gb  piloteTimer6Up.o [1]
piloteTimer6Up_initialise
                        0x080005e5    0x8  Code  Gb  piloteTimer6Up.o [1]
piloteTimer6Up_permetLesInterruptions
                        0x080005df    0x6  Code  Gb  piloteTimer6Up.o [1]
serviceBaseDeTemps_execute
                        0x200004fc   0x1c  Data  Gb  serviceBaseDeTemps.o [1]
serviceBaseDeTemps_gere
                        0x08000651   0x1a  Code  Gb  serviceBaseDeTemps.o [1]
serviceBaseDeTemps_initialise
                        0x0800066b   0x1e  Code  Gb  serviceBaseDeTemps.o [1]
uwTick                  0x20000004    0x4  Data  Gb  stm32f4xx_hal.o [1]
uwTickFreq              0x20000000    0x1  Data  Gb  stm32f4xx_hal.o [1]
uwTickPrio              0x20000008    0x4  Data  Gb  stm32f4xx_hal.o [1]


[1] = C:\Users\Utilisateur\Desktop\Études\Automne 2020\5\Projet Final 5e\Programmation\247-637 S-0010 V7-college\EWARM\247-637 S-0010 V7\Obj
[2] = command line
[3] = dl7M_tln.a
[4] = m7M_tls.a
[5] = rt7M_tl.a
[6] = shb_l.a

  7 218 bytes of readonly  code memory
     62 bytes of readonly  data memory
  1 308 bytes of readwrite data memory

Errors: none
Warnings: none
